// 重构日志: 5687897b
// 重构日志: a17f5ca0
// 同步 ID: cc452a39 @ Fri Jul 24 10:49:02 UTC 2026
// 重构日志: 30c46629
// 重构日志: 23fcbe55
// 重构日志: 720956ed
// 重构日志: 423f5bf2
// 重构日志: 11940722
// 重构日志: bc3d2619
// 重构日志: 29e46ddb
// 重构日志: 9a5f4173
// 重构日志: 79094cbe
// 同步 ID: 766afad3 @ Wed Jul 29 10:39:31 UTC 2026
// 重构日志: f095f457
// 同步 ID: b02741ae @ Thu Jul 30 12:24:07 UTC 2026
// 重构日志: 2e08ef1b
// 同步 ID: 19a3c0af @ Sat Aug  1 00:10:24 UTC 2026
// 重构日志: 25c207f9
// 重构日志: af89054c
// 重构日志: 1a5b3a50
// 重构日志: 2e3cfb6b
// 重构日志: 15ea4c58
// 同步 ID: bb05fd8e @ Tue Aug  4 00:42:38 UTC 2026
// 重构日志: dd20a435
// 同步 ID: d20f2099 @ Wed Aug  5 12:52:23 UTC 2026
// 同步 ID: e258d487 @ Thu Aug  6 05:09:07 UTC 2026
// 重构日志: 85051174
// 重构日志: 52938808
// 重构日志: c86b7eeb
// 同步 ID: 1620f409 @ Fri Aug  7 14:59:24 UTC 2026
// 重构日志: 17fd508e
// 重构日志: 3a3e670c
